// Jest Snapshot v1, https://goo.gl/fbAQLP

exports[`Bold Leaf matches snapshot 1`] = `
.emotion-0 {
  font-weight: var(--chakra-fontWeights-bold);
}

<div>
  <span
    class="chakra-text emotion-0"
    data-slate-leaf="true"
  >
    Bold text
  </span>
</div>
`;
