// Jest Snapshot v1, https://goo.gl/fbAQLP

exports[`Result Block matches snapshot 1`] = `
.emotion-1 {
  background: var(--chakra-colors-green-100);
  color: var(--chakra-colors-green-500);
  padding-top: var(--chakra-space-2);
  padding-bottom: var(--chakra-space-2);
  -webkit-padding-start: var(--chakra-space-6);
  padding-inline-start: var(--chakra-space-6);
  -webkit-padding-end: var(--chakra-space-6);
  padding-inline-end: var(--chakra-space-6);
  display: inline-block;
  border-top-left-radius: 6px;
  border-top-right-radius: 6px;
  font-weight: var(--chakra-fontWeights-bold);
}

.emotion-2 {
  display: inline-block;
  font-family: var(--chakra-fonts-mono);
  font-size: var(--chakra-fontSizes-sm);
  -webkit-padding-start: 0.2em;
  padding-inline-start: 0.2em;
  -webkit-padding-end: 0.2em;
  padding-inline-end: 0.2em;
  border-radius: var(--chakra-radii-sm);
  background: var(--chakra-colors-gray-100);
  color: var(--chakra-colors-gray-800);
  width: 100%;
  padding: var(--chakra-space-5);
  margin-bottom: var(--chakra-space-3);
  background: var(--chakra-colors-gray-100);
}

<div>
  <div
    class="emotion-0"
  >
    <div
      class="emotion-1"
      contenteditable="false"
    >
      20 apples
    </div>
    <code
      class="chakra-code emotion-2"
      data-slate-node="element"
    >
      a = 10 apples b = 10 apples a + b
    </code>
  </div>
</div>
`;
