// Jest Snapshot v1, https://goo.gl/fbAQLP

exports[`Italic Leaf matches snapshot 1`] = `
.emotion-0 {
  font-style: italic;
}

<div>
  <span
    class="emotion-0"
    data-slate-leaf="true"
    data-slate-node="element"
  >
    Italic
  </span>
</div>
`;
