// Jest Snapshot v1, https://goo.gl/fbAQLP

exports[`ModelBlock Block matches snapshot 1`] = `
.emotion-0 {
  border-radius: 16px;
  padding: 24px;
  background-color: rgba(240, 240, 242, 0.2);
  border: 1px solid #F0F0F2;
  line-height: 2.5;
  margin: 8px 0;
  box-shadow: 0px 2px 24px -4px rgba(36, 36, 41, 0.06);
  font-family: monospace;
  font-size: 16px;
}

<div>
  <div
    class="emotion-0"
    data-slate-leaf="true"
    data-slate-node="element"
  >
    a = 10 apples
  </div>
</div>
`;
