// Jest Snapshot v1, https://goo.gl/fbAQLP

exports[`Result Block matches snapshot for a column 1`] = `
.emotion-0 {
  background: rgb(252,252,263);
  color: var(--chakra-colors-black);
  padding-top: var(--chakra-space-2);
  padding-bottom: var(--chakra-space-2);
  -webkit-padding-start: var(--chakra-space-6);
  padding-inline-start: var(--chakra-space-6);
  -webkit-padding-end: var(--chakra-space-6);
  padding-inline-end: var(--chakra-space-6);
  display: inline-block;
  border-bottom-left-radius: 6px;
  border-bottom-right-radius: 6px;
  margin-bottom: var(--chakra-space-3);
  width: 100%;
}

<div>
  <div
    class="emotion-0"
    contenteditable="false"
  >
    [ 
    1
    
    , 
    2
    
    , 
    3
    
     ]
  </div>
</div>
`;

exports[`Result Block matches snapshot for a column of columns 1`] = `
.emotion-0 {
  background: rgb(252,252,263);
  color: var(--chakra-colors-black);
  padding-top: var(--chakra-space-2);
  padding-bottom: var(--chakra-space-2);
  -webkit-padding-start: var(--chakra-space-6);
  padding-inline-start: var(--chakra-space-6);
  -webkit-padding-end: var(--chakra-space-6);
  padding-inline-end: var(--chakra-space-6);
  display: inline-block;
  border-bottom-left-radius: 6px;
  border-bottom-right-radius: 6px;
  margin-bottom: var(--chakra-space-3);
  width: 100%;
}

<div>
  <div
    class="emotion-0"
    contenteditable="false"
  >
    [ 
    [ 
    1
    , 
    2
     ]
    , 
    [ 
    3
    , 
    4
     ]
    , 
    [ 
    5
    , 
    6
     ]
     ]
  </div>
</div>
`;

exports[`Result Block matches snapshot for a number 1`] = `
.emotion-0 {
  background: rgb(252,252,263);
  color: var(--chakra-colors-black);
  padding-top: var(--chakra-space-2);
  padding-bottom: var(--chakra-space-2);
  -webkit-padding-start: var(--chakra-space-6);
  padding-inline-start: var(--chakra-space-6);
  -webkit-padding-end: var(--chakra-space-6);
  padding-inline-end: var(--chakra-space-6);
  display: inline-block;
  border-bottom-left-radius: 6px;
  border-bottom-right-radius: 6px;
  margin-bottom: var(--chakra-space-3);
  width: 100%;
}

<div>
  <div
    class="emotion-0"
    contenteditable="false"
  >
    3
    
  </div>
</div>
`;
