// Jest Snapshot v1, https://goo.gl/fbAQLP

exports[`StrikeThrough Leaf matches snapshot 1`] = `
.emotion-0 {
  -webkit-text-decoration: line-through;
  text-decoration: line-through;
}

<div>
  <span
    class="chakra-text emotion-0"
    data-slate-leaf="true"
  >
    StrikeThrough text
  </span>
</div>
`;
