// Jest Snapshot v1, https://goo.gl/fbAQLP

exports[`Paragraph Block matches snapshot 1`] = `
<div>
  <p
    class="chakra-text emotion-0"
    data-slate-node="element"
  >
    Hello World
  </p>
</div>
`;
